// Jest Snapshot v1, https://goo.gl/fbAQLP

exports[`Venue Component matches snapshot 1`] = `
<DocumentFragment>
  <div
    class="row"
  >
    <div
      class="col"
      style="text-align: center;"
    >
      <div
        class="spinner-border"
        role="status"
      >
        <span
          class="visually-hidden"
        >
          Loading...
        </span>
      </div>
    </div>
  </div>
</DocumentFragment>
`;

exports[`Venue Component updated snapshot 1`] = `
<DocumentFragment>
  <div
    class="row"
  >
    <div
      class="col"
      style="text-align: center;"
    >
      <div
        class="spinner-border"
        role="status"
      >
        <span
          class="visually-hidden"
        >
          Loading...
        </span>
      </div>
    </div>
  </div>
</DocumentFragment>
`;
