// Jest Snapshot v1, https://goo.gl/fbAQLP

exports[`Events Component matches snapshot 1`] = `
<DocumentFragment>
  <div
    class="Login Center"
  >
    <div
      class="container"
    >
      <form
        class=""
      >
        <div
          class="mb-3"
        >
          <label
            class="form-label"
            for="loginEmail"
          >
            Email address
          </label>
          <input
            class="form-control"
            id="loginEmail"
            name="email"
            placeholder="Enter email"
            type="email"
          />
          <small
            class="text-muted form-text"
          >
            We'll never share your email with anyone else.
          </small>
        </div>
        <div
          class="mb-3"
        >
          <label
            class="form-label"
            for="loginPassword"
          >
            Password
          </label>
          <input
            class="form-control"
            id="loginPassword"
            name="password"
            placeholder="Password"
            type="password"
          />
        </div>
        <button
          class="blue-btn btn btn-primary"
          type="submit"
        >
          Submit
        </button>
      </form>
    </div>
  </div>
</DocumentFragment>
`;
